29884928 3782119309
37884928 3782119309
45884928 3782119309
53884928 3782119309
61884928 3782119309
69884928 3782119309
77884928 3782119309
85884928 3782119309
93884928 3782119309
101884928 3782119309
109884928 3782119309
117884928 3782119309
125884928 3782119309
133884928 3782119309
141884928 3782119309
149884928 3782119309
157884928 3782119309
165884928 3782119309
173884928 3782119309
181884928 3782119309
189884928 3782119309
197884928 3782119309
205884928 3782119309
213884928 3782119309
221884928 3782119309
229884928 3782119309
237884928 3782119309
245884928 3782119309
253884928 3782119309
261884928 3782119309
269884928 3782119309
277884928 3782119309
285884928 3782119309
293884928 3782119309
301884928 3782119309
309884928 3782119309
317884928 3782119309
325884928 3782119309
333884928 3782119309
341884928 3782119309
349884928 3782119309
357884928 3782119309
365884928 3782119309
373884928 3782119309
381884928 3782119309
389884928 3782119309
397884928 3782119309
405884928 3782119309
413884928 3782119309
421884928 3782119309
429884928 3782119309
437884928 3782119309
445884928 3782119309
453884928 3782119309
461884928 3782119309
469884928 3782119309
477884928 3782119309
485884928 3782119309
493884928 3782119309
501884928 3782119309
509884928 3782119309
517884928 3782119309
525884928 3782119309
533884928 3782119309
541884928 3782119309
549884928 3782119309
557884928 3782119309
565884928 3782119309
573884928 3782119309
581884928 3782119309
589884928 3782119309
597884928 3782119309
605884928 3782119309
613884928 3782119309
621884928 3782119309
629884928 3782119309
637884928 3782119309
645884928 3782119309
653884928 3782119309
661884928 3782119309
669884928 3782119309
677884928 3782119309
685884928 3782119309
693884928 3782119309
701884928 3782119309
709884928 3782119309
717884928 3782119309
725884928 3782119309
733884928 3782119309
741884928 3782119309
749884928 3782119309
757884928 3782119309
765884928 3782119309
773884928 3782119309
781884928 3782119309
789884928 3782119309
797884928 3782119309
805884928 3782119309
813884928 3782119309
821884928 3782119309
829884928 3782119309
837884928 3782119309
845884928 3782119309
853884928 3782119309
861884928 3782119309
869884928 3782119309
877884928 3782119309
885884928 3782119309
893884928 3782119309
901884928 3782119309
909884928 3782119309
917884928 3782119309
925884928 3782119309
933884928 3782119309
941884928 3782119309
949884928 3782119309
957884928 3782119309
965884928 3782119309
curl: (56) Recv failure: Connection reset by peer
973884928 3782119309
981884928 3782119309
989884928 3782119309
997884928 3782119309
1005884928 3782119309
1013884928 3782119309
1021884928 3782119309
1029884928 3782119309
1037884928 3782119309
1045884928 3782119309
1053884928 3782119309
1061884928 3782119309
1069884928 3782119309
1077884928 3782119309
1085884928 3782119309
Traceback (most recent call last):
  File "/Users/macm1/Desktop/marc_parser/scripts/download-rsl-new-ranges.py", line 18, in <module>
    for part in pool.map(fetch,range(start,size,chunk)):
                ~~~~~~~~^^^^^^^^^^^^^^^^^^^^^^^^^^^^^^^
  File "/opt/homebrew/Cellar/python@3.14/3.14.6/Frameworks/Python.framework/Versions/3.14/lib/python3.14/concurrent/futures/_base.py", line 645, in result_iterator
    yield _result_or_cancel(fs.pop())
          ~~~~~~~~~~~~~~~~~^^^^^^^^^^
  File "/opt/homebrew/Cellar/python@3.14/3.14.6/Frameworks/Python.framework/Versions/3.14/lib/python3.14/concurrent/futures/_base.py", line 312, in _result_or_cancel
    return fut.result(timeout)
           ~~~~~~~~~~^^^^^^^^^
  File "/opt/homebrew/Cellar/python@3.14/3.14.6/Frameworks/Python.framework/Versions/3.14/lib/python3.14/concurrent/futures/_base.py", line 447, in result
    return self.__get_result()
           ~~~~~~~~~~~~~~~~~^^
  File "/opt/homebrew/Cellar/python@3.14/3.14.6/Frameworks/Python.framework/Versions/3.14/lib/python3.14/concurrent/futures/_base.py", line 396, in __get_result
    raise self._exception
  File "/opt/homebrew/Cellar/python@3.14/3.14.6/Frameworks/Python.framework/Versions/3.14/lib/python3.14/concurrent/futures/thread.py", line 86, in run
    result = ctx.run(self.task)
  File "/opt/homebrew/Cellar/python@3.14/3.14.6/Frameworks/Python.framework/Versions/3.14/lib/python3.14/concurrent/futures/thread.py", line 73, in run
    return fn(*args, **kwargs)
  File "/Users/macm1/Desktop/marc_parser/scripts/download-rsl-new-ranges.py", line 14, in fetch
    subprocess.run(['curl','-fsS','--retry','5','--max-time','600','--range',f'{offset}-{end}','--header','If-Match: "6ab76e96-e16e8f8d"','-o',str(part),'https://mrsadman.ru/ac34d2e7ff814daf/rsl01_z00.dat.tar.gz'],check=True)
    ~~~~~~~~~~~~~~^^^^^^^^^^^^^^^^^^^^^^^^^^^^^^^^^^^^^^^^^^^^^^^^^^^^^^^^^^^^^^^^^^^^^^^^^^^^^^^^^^^^^^^^^^^^^^^^^^^^^^^^^^^^^^^^^^^^^^^^^^^^^^^^^^^^^^^^^^^^^^^^^^^^^^^^^^^^^^^^^^^^^^^^^^^^^^^^^^^^^^^^^^^^^^^^^^^^^^^^^^^^^^^
  File "/opt/homebrew/Cellar/python@3.14/3.14.6/Frameworks/Python.framework/Versions/3.14/lib/python3.14/subprocess.py", line 578, in run
    raise CalledProcessError(retcode, process.args,
                             output=stdout, stderr=stderr)
subprocess.CalledProcessError: Command '['curl', '-fsS', '--retry', '5', '--max-time', '600', '--range', '1085884928-1093884927', '--header', 'If-Match: "6ab76e96-e16e8f8d"', '-o', 'data/rsl-2026-09-28/archives/rsl01.range-1085884928', 'https://mrsadman.ru/ac34d2e7ff814daf/rsl01_z00.dat.tar.gz']' returned non-zero exit status 56.
1093884928 3782119309
1101884928 3782119309
1109884928 3782119309
1117884928 3782119309
1125884928 3782119309
1133884928 3782119309
1141884928 3782119309
1149884928 3782119309
1157884928 3782119309
1165884928 3782119309
1173884928 3782119309
1181884928 3782119309
1189884928 3782119309
1197884928 3782119309
1205884928 3782119309
1213884928 3782119309
1221884928 3782119309
1229884928 3782119309
1237884928 3782119309
1245884928 3782119309
1253884928 3782119309
1261884928 3782119309
1269884928 3782119309
1277884928 3782119309
1285884928 3782119309
1293884928 3782119309
1301884928 3782119309
1309884928 3782119309
1317884928 3782119309
1325884928 3782119309
1333884928 3782119309
1341884928 3782119309
1349884928 3782119309
1357884928 3782119309
1365884928 3782119309
1373884928 3782119309
1381884928 3782119309
1389884928 3782119309
1397884928 3782119309
1405884928 3782119309
1413884928 3782119309
1421884928 3782119309
1429884928 3782119309
1437884928 3782119309
1445884928 3782119309
1453884928 3782119309
1461884928 3782119309
1469884928 3782119309
1477884928 3782119309
1485884928 3782119309
1493884928 3782119309
1501884928 3782119309
1509884928 3782119309
1517884928 3782119309
1525884928 3782119309
1533884928 3782119309
1541884928 3782119309
1549884928 3782119309
1557884928 3782119309
1565884928 3782119309
1573884928 3782119309
1581884928 3782119309
1589884928 3782119309
1597884928 3782119309
1605884928 3782119309
1613884928 3782119309
1621884928 3782119309
1629884928 3782119309
1637884928 3782119309
1645884928 3782119309
1653884928 3782119309
1661884928 3782119309
1669884928 3782119309
1677884928 3782119309
1685884928 3782119309
1693884928 3782119309
1701884928 3782119309
1709884928 3782119309
1717884928 3782119309
1725884928 3782119309
1733884928 3782119309
1741884928 3782119309
1749884928 3782119309
1757884928 3782119309
1765884928 3782119309
1773884928 3782119309
1781884928 3782119309
1789884928 3782119309
1797884928 3782119309
1805884928 3782119309
1813884928 3782119309
1821884928 3782119309
1829884928 3782119309
1837884928 3782119309
1845884928 3782119309
1853884928 3782119309
1861884928 3782119309
1869884928 3782119309
1877884928 3782119309
1885884928 3782119309
1893884928 3782119309
1901884928 3782119309
1909884928 3782119309
1917884928 3782119309
1925884928 3782119309
1933884928 3782119309
1941884928 3782119309
1949884928 3782119309
1957884928 3782119309
1965884928 3782119309
1973884928 3782119309
1981884928 3782119309
1989884928 3782119309
1997884928 3782119309
2005884928 3782119309
2013884928 3782119309
2021884928 3782119309
2029884928 3782119309
2037884928 3782119309
2045884928 3782119309
2053884928 3782119309
2061884928 3782119309
2069884928 3782119309
2077884928 3782119309
2085884928 3782119309
2093884928 3782119309
2101884928 3782119309
2109884928 3782119309
2117884928 3782119309
2125884928 3782119309
2133884928 3782119309
2141884928 3782119309
2149884928 3782119309
2157884928 3782119309
2165884928 3782119309
2173884928 3782119309
2181884928 3782119309
2189884928 3782119309
2197884928 3782119309
2205884928 3782119309
2213884928 3782119309
2221884928 3782119309
2229884928 3782119309
2237884928 3782119309
2245884928 3782119309
2253884928 3782119309
2261884928 3782119309
2269884928 3782119309
2277884928 3782119309
curl: (18) transfer closed with 2315053 bytes remaining to read
2285884928 3782119309
2293884928 3782119309
2301884928 3782119309
2309884928 3782119309
2317884928 3782119309
2325884928 3782119309
2333884928 3782119309
2341884928 3782119309
2349884928 3782119309
2357884928 3782119309
2365884928 3782119309
2373884928 3782119309
2381884928 3782119309
2389884928 3782119309
2397884928 3782119309
2405884928 3782119309
2413884928 3782119309
2421884928 3782119309
2429884928 3782119309
2437884928 3782119309
2445884928 3782119309
2453884928 3782119309
2461884928 3782119309
2469884928 3782119309
2477884928 3782119309
2485884928 3782119309
2493884928 3782119309
2501884928 3782119309
2509884928 3782119309
2517884928 3782119309
2525884928 3782119309
2533884928 3782119309
2541884928 3782119309
2549884928 3782119309
2557884928 3782119309
2565884928 3782119309
2573884928 3782119309
2581884928 3782119309
2589884928 3782119309
2597884928 3782119309
2605884928 3782119309
2613884928 3782119309
2621884928 3782119309
2629884928 3782119309
2637884928 3782119309
2645884928 3782119309
2653884928 3782119309
ccucuurl: (56) Recv failrl:u rr(56)l: e : (56) RRecConneecv failure: Cctivo fona rieset by lure: Connnection resetnection reset  by pby peer
eer
peer
curl: (56) Recv failure: Connection reset by peer
curl: (56) Recv failure: Connection reset by peer
curl: (56) Recv failure: Connection reset by peer
curl: (56) Recv failure: curl: (Connection re56) Recvset fai by lure:pee Conneccurltcc: uru(5rl:io6)r (nl r5
ese:t b6 ()5y  R6p) Recv  eerccurl: 
fuer(aR5ecv failure:ci6) Recvv failu Connelure: l: (rCc ofeai5tlu6) : Connectinire: ConeRcteoonin renncosen r trvectie  fobailurey: essne t p beCeer
tcry e uobrcpluseyent: rer peel( 
rneby
56)  Recction v fr:ea p(5eer
ilure: Cosnnec6) Recvtion re tfe sailureby peer
t by peer
e: Connection reset by peer
curl: (56) Recv failure: Connection reset by peer
curl: (18) transfer closed with 1610541 bytes remaining to read
2661884928 3782119309
2669884928 3782119309
2677884928 3782119309
2685884928 3782119309
2693884928 3782119309
2701884928 3782119309
2709884928 3782119309
2717884928 3782119309
2725884928 3782119309
2733884928 3782119309
2741884928 3782119309
2749884928 3782119309
2757884928 3782119309
curl: (56) Recv failure: Connection reset by peer
2765884928 3782119309
2773884928 3782119309
2781884928 3782119309
2789884928 3782119309
2797884928 3782119309
2805884928 3782119309
2813884928 3782119309
2821884928 3782119309
2829884928 3782119309
2837884928 3782119309
2845884928 3782119309
2853884928 3782119309
2861884928 3782119309
2869884928 3782119309
2877884928 3782119309
2885884928 3782119309
2893884928 3782119309
2901884928 3782119309
2909884928 3782119309
2917884928 3782119309
2925884928 3782119309
2933884928 3782119309
2941884928 3782119309
2949884928 3782119309
2957884928 3782119309
2965884928 3782119309
2973884928 3782119309
2981884928 3782119309
2989884928 3782119309
2997884928 3782119309
3005884928 3782119309
3013884928 3782119309
3021884928 3782119309
3029884928 3782119309
3037884928 3782119309
3045884928 3782119309
3053884928 3782119309
3061884928 3782119309
3069884928 3782119309
3077884928 3782119309
3085884928 3782119309
3093884928 3782119309
3101884928 3782119309
3109884928 3782119309
3117884928 3782119309
3125884928 3782119309
3133884928 3782119309
3141884928 3782119309
3149884928 3782119309
3157884928 3782119309
3165884928 3782119309
3173884928 3782119309
3181884928 3782119309
3189884928 3782119309
3197884928 3782119309
3205884928 3782119309
3213884928 3782119309
3221884928 3782119309
3229884928 3782119309
3237884928 3782119309
3245884928 3782119309
3253884928 3782119309
3261884928 3782119309
3269884928 3782119309
3277884928 3782119309
3285884928 3782119309
3293884928 3782119309
3301884928 3782119309
3309884928 3782119309
3317884928 3782119309
3325884928 3782119309
3333884928 3782119309
3341884928 3782119309
3349884928 3782119309
3357884928 3782119309
3365884928 3782119309
3373884928 3782119309
3381884928 3782119309
3389884928 3782119309
3397884928 3782119309
3405884928 3782119309
3413884928 3782119309
3421884928 3782119309
3429884928 3782119309
3437884928 3782119309
3445884928 3782119309
3453884928 3782119309
3461884928 3782119309
3469884928 3782119309
3477884928 3782119309
3485884928 3782119309
3493884928 3782119309
3501884928 3782119309
3509884928 3782119309
3517884928 3782119309
3525884928 3782119309
3533884928 3782119309
3541884928 3782119309
3549884928 3782119309
3557884928 3782119309
3565884928 3782119309
3573884928 3782119309
3581884928 3782119309
3589884928 3782119309
3597884928 3782119309
3605884928 3782119309
3613884928 3782119309
3621884928 3782119309
3629884928 3782119309
3637884928 3782119309
3645884928 3782119309
3653884928 3782119309
3661884928 3782119309
3669884928 3782119309
3677884928 3782119309
3685884928 3782119309
3693884928 3782119309
3701884928 3782119309
3709884928 3782119309
3717884928 3782119309
3725884928 3782119309
3733884928 3782119309
3741884928 3782119309
3749884928 3782119309
3757884928 3782119309
3765884928 3782119309
3773884928 3782119309
3781884928 3782119309
3782119309 3782119309
