{
  "file": "rsl06_z00.dat",
  "mode": "errors-only",
  "category": "bibliographic",
  "source": "https://mrsadman.ru/ac34d2e7ff814daf/",
  "revision": "f6c0629759de09f9d9af5aa10a6b5efc9a85f35a",
  "node": "v24.12.0",
  "startedAt": "2026-09-28T07:09:53.398Z",
  "completedAt": "2026-09-28T07:09:59.896Z",
  "complete": true,
  "fileBytes": 143391599,
  "sha256": "8d4668bea0217c0b1084a7f2150e89bd0cb3f9a72d61fc0bef9804c1ac2d9028",
  "recordsProcessed": 155250,
  "validRecords": 151381,
  "recordsWithValidationErrors": 0,
  "recordsWithParsingErrors": 0,
  "validationErrors": 0,
  "skippedDeletedRecords": 3869,
  "inputBytes": 143391599,
  "serializationPerformed": false,
  "serializedBytes": 0,
  "rules": {},
  "messages": {}
}
