{
  "file": "rsl11_z00.dat",
  "mode": "errors-only",
  "category": "authority",
  "source": "https://mrsadman.ru/ac34d2e7ff814daf/",
  "revision": "f6c0629759de09f9d9af5aa10a6b5efc9a85f35a",
  "node": "v24.12.0",
  "startedAt": "2026-09-28T07:28:33.812Z",
  "completedAt": "2026-09-28T07:28:45.799Z",
  "complete": true,
  "fileBytes": 337018359,
  "sha256": "dba34cdede1384c9f46def2c81335680095c4b513939a31900f8adb3e21c2210",
  "recordsProcessed": 344030,
  "validRecords": 340373,
  "recordsWithValidationErrors": 0,
  "recordsWithParsingErrors": 1,
  "validationErrors": 0,
  "skippedDeletedRecords": 3656,
  "inputBytes": 337018359,
  "serializationPerformed": false,
  "serializedBytes": 0,
  "rules": {},
  "messages": {}
}
